{"ts":"2026-04-12T20:54:33+02:00","type":"AUTH","message":"Identifiants OK \u2014 OTP requis : DC-237-0001","ip":"::1","data":[],"hash":"37984e48d6df77d5985ca7c6609f582dc3a0641f494d211f9852879f2f2fcd45"}
{"ts":"2026-04-12T20:57:15+02:00","type":"FAIL","message":"OTP expir\u00e9 ou inexistant : DC-237-0001","ip":"::1","data":[],"hash":"c79396bf93fe3caf45a5cdaf9d55c680a811bda8b1097fc2ff224cbf32ff317f"}
{"ts":"2026-04-12T20:58:14+02:00","type":"AUTH","message":"Identifiants OK \u2014 OTP requis : DC-237-0099","ip":"::1","data":[],"hash":"d749accf641604659e7cea2b40b09f64f8a51f9c0c25c947a320ec23e6129d68"}
{"ts":"2026-04-12T21:00:50+02:00","type":"FAIL","message":"OTP expir\u00e9 ou inexistant : DC-237-0099","ip":"::1","data":[],"hash":"c64874716c4a03ced3eab24e8db8ff09c1706e2a5578d8f18a59b1d07beef676"}
{"ts":"2026-04-12T21:01:32+02:00","type":"AUTH","message":"Identifiants OK \u2014 OTP requis : DC-237-0099","ip":"::1","data":[],"hash":"1d6008267242c7e83e69546e80db2509639f236440b2be56f8c7e6cab5537391"}
{"ts":"2026-04-13T08:34:54+02:00","type":"AUTH","message":"Identifiants OK \u2014 OTP requis : DC-237-0001","ip":"::1","data":[],"hash":"23d981ff22945d8683ac07f044c17e14ef80a0842ed2450e853a15cfbb9c3624"}
{"ts":"2026-04-13T08:44:58+02:00","type":"FAIL","message":"OTP expir\u00e9 ou inexistant : DC-237-0001","ip":"::1","data":[],"hash":"6830b1542aedc60eae1a78ae35cbc71994542c3ba1bae2be25b37578c4d3d59e"}
{"ts":"2026-04-13T08:45:21+02:00","type":"AUTH","message":"Identifiants OK \u2014 OTP requis : DC-237-0001","ip":"::1","data":[],"hash":"bc49229f0153ca3834bd9dc26c98480fa933738c6f2abbabcc8602262cefc694"}
{"ts":"2026-04-13T10:07:57+02:00","type":"INFO","message":"OTP DEV \u2014 user_id=1 : 103399","ip":"::1","data":[],"hash":"c9f3198deea09b5c82bfefcfae7cd45a0f64d515a6e7555c780fb8725d0e1204"}
{"ts":"2026-04-13T10:07:59+02:00","type":"INFO","message":"OTP DEV \u2014 user_id=1 : 207115","ip":"::1","data":[],"hash":"d384264e3e4551a1ab4f272c56e0806bb4e678e6f1cab3a871566d7d0fbd1135"}
{"ts":"2026-04-13T10:08:11+02:00","type":"FAIL","message":"OTP incorrect : DC-237-0001","ip":"::1","data":[],"hash":"7ffa4439073536288560b6d79da4d3883a8a81f1096918b2a43d6f4f55b13908"}
{"ts":"2026-04-13T10:08:31+02:00","type":"AUTH","message":"Identifiants OK \u2014 OTP requis : DC-237-0001","ip":"::1","data":[],"hash":"f7ca6c5e812144cd6fe2a5eb8c972ffe0093d3603d3c9ef565040bc0d4f13ddf"}
{"ts":"2026-04-13T10:16:01+02:00","type":"FAIL","message":"OTP expir\u00e9 ou inexistant : DC-237-0001","ip":"::1","data":[],"hash":"d5276f8f9d4c3bf28b19bbaf220c47e6bd502d1f718e56828e0ac0f224e039ee"}
{"ts":"2026-04-13T10:16:26+02:00","type":"AUTH","message":"Identifiants OK \u2014 OTP requis : DC-237-0001","ip":"::1","data":[],"hash":"3bce8990811ee64ad67aea189aba732a1ed4eee7b02584eb4025c8422040fe5a"}
{"ts":"2026-04-13T10:30:11+02:00","type":"INFO","message":"OTP DEV g\u00e9n\u00e9r\u00e9 \u2014 user_id=1 : 788427","ip":"::1","data":[],"hash":"cf2f3f3f4b19d46d0a8bed1993ab533caa421791261a066df9975f3fc4e3c652"}
{"ts":"2026-04-13T10:30:11+02:00","type":"INFO","message":"OTP DEV EMAIL \u2014 jean.kamga@gmail.com (DC-237-0001) : 788427","ip":"::1","data":[],"hash":"2f9f17e71adb176488fd2aeac1d54643f6d6fdef9481f8cbc603b94021ea7b4f"}
{"ts":"2026-04-13T10:30:17+02:00","type":"INFO","message":"OTP email envoy\u00e9 avec succ\u00e8s : jean.kamga@gmail.com","ip":"::1","data":[],"hash":"17539edc263c35f0e79cc5a608457f1cd578e03a7831a5d85d372521f8f7d9e1"}
{"ts":"2026-04-13T10:30:17+02:00","type":"AUTH","message":"Identifiants OK \u2014 OTP requis : DC-237-0001","ip":"::1","data":[],"hash":"1843439d218b2871fd730dc7a2feb8b8eb83b8e63d6351183aa2888e05264067"}
{"ts":"2026-04-13T10:30:35+02:00","type":"AUTH","message":"OTP valid\u00e9 \u2014 connexion \u00e9tablie : DC-237-0001","ip":"::1","data":[],"hash":"6ddc612fc1bc7bc6a512ec7204c93b5639ad18a66189f54ec1aec42c9aae0e6d"}
{"ts":"2026-04-13T10:40:23+02:00","type":"INFO","message":"OTP DEV g\u00e9n\u00e9r\u00e9 \u2014 user_id=1 : 295178","ip":"::1","data":[],"hash":"d93f1b21b21638640859a75c166870a8734d87cd9e0717d7c2d2dcf3334c0a45"}
{"ts":"2026-04-13T10:40:23+02:00","type":"INFO","message":"OTP DEV EMAIL \u2014 jean.kamga@gmail.com (DC-237-0001) : 295178","ip":"::1","data":[],"hash":"99e21e5917cdbb6d8cb44c377fc30d22c0932312602c78d228735f02d8c97894"}
{"ts":"2026-04-13T10:40:28+02:00","type":"INFO","message":"OTP email envoy\u00e9 avec succ\u00e8s : jean.kamga@gmail.com","ip":"::1","data":[],"hash":"8df3c91afd6ff7d177862b331180519efaa84e79a0f3e56e0bdee0676aa1976f"}
{"ts":"2026-04-13T10:40:28+02:00","type":"AUTH","message":"Identifiants OK \u2014 OTP requis : DC-237-0001","ip":"::1","data":[],"hash":"87ff41e7d4a51e5e60b208bd1ae4df62e0aa7202d52b499de848e9a0791dc8be"}
{"ts":"2026-04-13T10:40:53+02:00","type":"AUTH","message":"OTP valid\u00e9 \u2014 connexion \u00e9tablie : DC-237-0001","ip":"::1","data":[],"hash":"46c874a6f2d2dc59d6eb9b62079d5d37d523c0226f68a6d50d46abfe5c6fae41"}
{"ts":"2026-04-13T10:42:13+02:00","type":"INFO","message":"OTP DEV g\u00e9n\u00e9r\u00e9 \u2014 user_id=2 : 276617","ip":"::1","data":[],"hash":"b5254792573475dd20055e71f6220a2d64fbbb08e6e6998cedd2370bb67cea6d"}
{"ts":"2026-04-13T10:42:13+02:00","type":"INFO","message":"OTP DEV EMAIL \u2014 m.nkuissi@gmail.com (DC-237-0099) : 276617","ip":"::1","data":[],"hash":"ed520024812f833c2d6015ca953f6f870afc36cf761c3fac12ff6f7c9e7043ad"}
{"ts":"2026-04-13T10:42:18+02:00","type":"INFO","message":"OTP email envoy\u00e9 avec succ\u00e8s : m.nkuissi@gmail.com","ip":"::1","data":[],"hash":"7258b2fc567fcddda7a6585900dd2d5eddfceb91dd9310afcad8ea1f31b23f2c"}
{"ts":"2026-04-13T10:42:18+02:00","type":"AUTH","message":"Identifiants OK \u2014 OTP requis : DC-237-0099","ip":"::1","data":[],"hash":"a6d09159591ab726b03e57d6098f8b03ea5fe9f9dff61c7eeb321710ad8a49d2"}
{"ts":"2026-04-13T10:42:37+02:00","type":"AUTH","message":"OTP valid\u00e9 \u2014 connexion \u00e9tablie : DC-237-0099","ip":"::1","data":[],"hash":"d11316730b99907314dd49a3fd477a1e8f793f8e1b669e38f8d62331106d4261"}
{"ts":"2026-04-13T10:47:06+02:00","type":"INFO","message":"OTP DEV g\u00e9n\u00e9r\u00e9 \u2014 user_id=2 : 694101","ip":"::1","data":[],"hash":"b22dc025c3669d9f9821fc390f650f203bafc92a8d332f8c0ee29fea9bd748ee"}
{"ts":"2026-04-13T10:47:06+02:00","type":"INFO","message":"OTP DEV EMAIL \u2014 m.nkuissi@gmail.com (DC-237-0099) : 694101","ip":"::1","data":[],"hash":"e288516728ef1fc6d8eb78aaa60481e7274870224844ae2e150ef8609517442f"}
{"ts":"2026-04-13T10:47:11+02:00","type":"INFO","message":"OTP email envoy\u00e9 avec succ\u00e8s : m.nkuissi@gmail.com","ip":"::1","data":[],"hash":"78834445582fb7c1923c86778355b2a5877b7b9dbd366f73d37192d6fe5f0253"}
{"ts":"2026-04-13T10:47:11+02:00","type":"AUTH","message":"Identifiants OK \u2014 OTP requis : DC-237-0099","ip":"::1","data":[],"hash":"dc73bb08d786c97a874d2bbfab0faa528f37efeaceebdc0eefcc21aba01c388f"}
{"ts":"2026-04-13T10:47:25+02:00","type":"AUTH","message":"OTP valid\u00e9 \u2014 connexion \u00e9tablie : DC-237-0099","ip":"::1","data":[],"hash":"f632071a219ed5405aadd5f424fee080e670c4fdce19614d8d0b1a7ff8366af2"}
{"ts":"2026-04-13T11:00:01+02:00","type":"INFO","message":"OTP DEV g\u00e9n\u00e9r\u00e9 \u2014 user_id=1 : 048880","ip":"::1","data":[],"hash":"d91a558d52a04edcdef0413b5175c7d592856d3e299ac0f48fccb6f63b3e461f"}
{"ts":"2026-04-13T11:00:01+02:00","type":"INFO","message":"OTP DEV EMAIL \u2014 dindoumahonore@gmail.com (DC-237-0001) : 048880","ip":"::1","data":[],"hash":"8b5e8865fd5afeaa9ff939b6ffb7885b9ac8b5215dc8c7dc1240f3373439706c"}
{"ts":"2026-04-13T11:00:08+02:00","type":"INFO","message":"OTP email envoy\u00e9 avec succ\u00e8s : dindoumahonore@gmail.com","ip":"::1","data":[],"hash":"b1033fbcbf255e14b5d65e58c020db30de791bf124532779fcca1544df64de31"}
{"ts":"2026-04-13T11:00:08+02:00","type":"AUTH","message":"Identifiants OK \u2014 OTP requis : DC-237-0001","ip":"::1","data":[],"hash":"30c173c29b9bae16edc21afaa7bed2b6beb44e7917202d48d9a036126b868d90"}
{"ts":"2026-04-13T11:00:23+02:00","type":"AUTH","message":"OTP valid\u00e9 \u2014 connexion \u00e9tablie : DC-237-0001","ip":"::1","data":[],"hash":"e113757b4ba1a6d73125d74fd9118043279c5ba8cf0684b71d65b3a0f3564d36"}
{"ts":"2026-04-13T11:11:10+02:00","type":"INFO","message":"OTP DEV g\u00e9n\u00e9r\u00e9 \u2014 user_id=1 : 276449","ip":"::1","data":[],"hash":"537073512c69d70b82d41fd46392143e4ab9a812a7e39d2647e3db14478b0b68"}
{"ts":"2026-04-13T11:11:10+02:00","type":"INFO","message":"OTP DEV EMAIL \u2014 dindoumahonore@gmail.com (DC-237-0001) : 276449","ip":"::1","data":[],"hash":"a6bf6c793bdaf80bd8d64f33534ce3e744e089cd8adbfe21d7eae56f06fcceb4"}
{"ts":"2026-04-13T11:11:16+02:00","type":"INFO","message":"OTP email envoy\u00e9 avec succ\u00e8s : dindoumahonore@gmail.com","ip":"::1","data":[],"hash":"e8332f9576ac2fbe2fc9949f0575cdcf9875cc1381baea25019b6becb421957a"}
{"ts":"2026-04-13T11:11:16+02:00","type":"AUTH","message":"Identifiants OK \u2014 OTP requis : DC-237-0001","ip":"::1","data":[],"hash":"eb2640dacf5db31506de4edb64cfa221869352d771d7deb60fe1155776643bac"}
{"ts":"2026-04-13T11:11:28+02:00","type":"AUTH","message":"OTP valid\u00e9 \u2014 connexion \u00e9tablie : DC-237-0001","ip":"::1","data":[],"hash":"35901ab1169b6ef3433dc048e7499aa0dacdf73531c74f86211ded07199ed39b"}
{"ts":"2026-04-13T11:21:34+02:00","type":"INFO","message":"OTP DEV g\u00e9n\u00e9r\u00e9 \u2014 user_id=1 : 403200","ip":"::1","data":[],"hash":"aed4f2771b838328d2e3b98550c330017d3f8058826ed83a2d21fab3c7286554"}
{"ts":"2026-04-13T11:21:34+02:00","type":"INFO","message":"OTP DEV EMAIL \u2014 dindoumahonore@gmail.com (DC-237-0001) : 403200","ip":"::1","data":[],"hash":"d8333ea8217a65b59258762e7a2da3f889866ee9ca02b9c8900a2a1b42b70cd1"}
{"ts":"2026-04-13T11:21:39+02:00","type":"INFO","message":"OTP email envoy\u00e9 avec succ\u00e8s : dindoumahonore@gmail.com","ip":"::1","data":[],"hash":"05d89bda192c9a5d3e3e7866635eab60d8d39b3486638f2693ef523867a614cb"}
{"ts":"2026-04-13T11:21:39+02:00","type":"AUTH","message":"Identifiants OK \u2014 OTP requis : DC-237-0001","ip":"::1","data":[],"hash":"339a567c952772b15b0523cedbe7754425fb431f7671a7ca390560e314ec63a5"}
{"ts":"2026-04-13T11:21:51+02:00","type":"AUTH","message":"OTP valid\u00e9 \u2014 connexion \u00e9tablie : DC-237-0001","ip":"::1","data":[],"hash":"c48b3dae26c37a82802adc93a8b376fca1996b708d2f1a9edbbf988d887c5ff7"}
{"ts":"2026-04-13T11:27:25+02:00","type":"INFO","message":"OTP DEV g\u00e9n\u00e9r\u00e9 \u2014 user_id=1 : 928897","ip":"::1","data":[],"hash":"8724491b5f35536fe56a821af2b84de17b8d342cda2eba3d7ed41d3558838435"}
{"ts":"2026-04-13T11:27:25+02:00","type":"INFO","message":"OTP DEV EMAIL \u2014 dindoumahonore@gmail.com (DC-237-0001) : 928897","ip":"::1","data":[],"hash":"53f2afe10d54b67ff7a87773b7d5fc7aadc54186320e1678b5c58357bb6ffc9b"}
{"ts":"2026-04-13T11:27:30+02:00","type":"INFO","message":"OTP email envoy\u00e9 avec succ\u00e8s : dindoumahonore@gmail.com","ip":"::1","data":[],"hash":"5c0159ea6df0d2eed6cba3f7e1c620c71d5939439f17d3df2d24c2ffbfd9a90b"}
{"ts":"2026-04-13T11:27:30+02:00","type":"AUTH","message":"Identifiants OK \u2014 OTP requis : DC-237-0001","ip":"::1","data":[],"hash":"b5d2532784726fcaff136e47ef7a28463d4fa5fd4069b74fb53bdf285a508a3e"}
{"ts":"2026-04-13T11:27:42+02:00","type":"AUTH","message":"OTP valid\u00e9 \u2014 connexion \u00e9tablie : DC-237-0001","ip":"::1","data":[],"hash":"595656d016001688dbe00db6171381bb5acc292f855d8c0f233f1128e503e582"}
{"ts":"2026-04-13T11:42:51+02:00","type":"INFO","message":"OTP DEV g\u00e9n\u00e9r\u00e9 \u2014 user_id=1 : 776629","ip":"::1","data":[],"hash":"c2de6b8c21a3e4df08e6e0c72617973c9065ba3a70d8d1487010035e28ff45c4"}
{"ts":"2026-04-13T11:42:51+02:00","type":"INFO","message":"OTP DEV EMAIL \u2014 dindoumahonore@gmail.com (DC-237-0001) : 776629","ip":"::1","data":[],"hash":"384a694c9ca4a4bb80f83657db23af9330208346cebc5aa60e10203384f35b07"}
{"ts":"2026-04-13T11:42:57+02:00","type":"INFO","message":"OTP email envoy\u00e9 avec succ\u00e8s : dindoumahonore@gmail.com","ip":"::1","data":[],"hash":"d15c3def04ebfb801b92f001003e497719b9012f6ea5ff967212ec997bf2dcaa"}
{"ts":"2026-04-13T11:42:57+02:00","type":"AUTH","message":"Identifiants OK \u2014 OTP requis : DC-237-0001","ip":"::1","data":[],"hash":"92529d15ce89124236e26edf0d7fce7afcf3c3765f3ed6d25f4668e83a385449"}
{"ts":"2026-04-13T11:43:09+02:00","type":"AUTH","message":"OTP valid\u00e9 \u2014 connexion \u00e9tablie : DC-237-0001","ip":"::1","data":[],"hash":"2094ca8be45dd5012b01d61c09eed0c7204227be008464d44500140ecae86fcc"}
{"ts":"2026-04-13T11:55:01+02:00","type":"INFO","message":"OTP DEV g\u00e9n\u00e9r\u00e9 \u2014 user_id=1 : 559707","ip":"::1","data":[],"hash":"447228e408d3afa318ad9cac25f698a20b7f5f2c9ab62c468f3d7eae5a5d7de3"}
{"ts":"2026-04-13T11:55:01+02:00","type":"INFO","message":"OTP DEV EMAIL \u2014 dindoumahonore@gmail.com (DC-237-0001) : 559707","ip":"::1","data":[],"hash":"bb30deeb1f8abad535172b27b0cd191cf6005aa3ab5e0b4d0f06e1fc12db865f"}
{"ts":"2026-04-13T11:55:07+02:00","type":"INFO","message":"OTP email envoy\u00e9 avec succ\u00e8s : dindoumahonore@gmail.com","ip":"::1","data":[],"hash":"d85cb827ff80413d0711ee3f42e908c36774cd32cd39272b08868ba910a9d37d"}
{"ts":"2026-04-13T11:55:07+02:00","type":"AUTH","message":"Identifiants OK \u2014 OTP requis : DC-237-0001","ip":"::1","data":[],"hash":"0706bbbabd8232b031cb96addb32843d4d39fcc3bc185ed211031f919df0ca27"}
{"ts":"2026-04-13T11:55:21+02:00","type":"AUTH","message":"OTP valid\u00e9 \u2014 connexion \u00e9tablie : DC-237-0001","ip":"::1","data":[],"hash":"af04955a91e0aac3ef50c1558c2790c32bd58dd0ff7a22ee5f8e3b629ef9f0c8"}
{"ts":"2026-04-13T15:44:11+02:00","type":"INFO","message":"OTP DEV g\u00e9n\u00e9r\u00e9 \u2014 user_id=1 : 882121","ip":"::1","data":[],"hash":"bbf81a71c98a412151955b222e5e1d18339bc51219724f4109d41e4e9dc3b9ff"}
{"ts":"2026-04-13T15:44:11+02:00","type":"INFO","message":"OTP DEV EMAIL \u2014 dindoumahonore@gmail.com (DC-237-0001) : 882121","ip":"::1","data":[],"hash":"51a402bf3891ae8c4a858b22b26808545072ed783497e6ea4a676519ec2a79dd"}
{"ts":"2026-04-13T15:44:21+02:00","type":"INFO","message":"OTP DEV g\u00e9n\u00e9r\u00e9 \u2014 user_id=1 : 604083","ip":"::1","data":[],"hash":"4fdf98947616e1d589e0c9c65f163e85bd171df91e8e63e6b1fb24019f50dbf4"}
{"ts":"2026-04-13T15:44:21+02:00","type":"INFO","message":"OTP DEV EMAIL \u2014 dindoumahonore@gmail.com (DC-237-0001) : 604083","ip":"::1","data":[],"hash":"ff5e5617e72c5aa7063946d8a3b4d9e2d3a4793a12492b56fd278fad118d90aa"}
{"ts":"2026-04-13T15:44:24+02:00","type":"INFO","message":"OTP DEV g\u00e9n\u00e9r\u00e9 \u2014 user_id=1 : 003695","ip":"::1","data":[],"hash":"c882efb60d4af547b0aab232de1cb3001dedb8d0fa2a2beb1c6cab778e73ec9b"}
{"ts":"2026-04-13T15:44:24+02:00","type":"INFO","message":"OTP DEV EMAIL \u2014 dindoumahonore@gmail.com (DC-237-0001) : 003695","ip":"::1","data":[],"hash":"f958f2b76217ccab396472db14ce9458b8580ea5b4d11c8534c4856ef4f22862"}
{"ts":"2026-04-13T15:44:59+02:00","type":"INFO","message":"OTP DEV g\u00e9n\u00e9r\u00e9 \u2014 user_id=2 : 552829","ip":"::1","data":[],"hash":"dbca34e08dc8d8641c624d3742a556644fa67fbce49da32cbc9f888dffe58051"}
{"ts":"2026-04-13T15:44:59+02:00","type":"INFO","message":"OTP DEV EMAIL \u2014 dindoumahonore3@gmail.com (DC-237-0099) : 552829","ip":"::1","data":[],"hash":"e8237ddec48ac1b8d91ee7b0019f7e6809e545232d61d1e94850f16aab0f2cc8"}
{"ts":"2026-04-13T15:45:39+02:00","type":"BLOCK","message":"Rate limit d\u00e9pass\u00e9 : login_compte_0a35449de05584b330e4f0b554b3846f","ip":"::1","data":{"ip":"::1"},"hash":"e92d240743b9d9f995aad6465498216f1651e45290f9d698f275d93644d2ff57"}
{"ts":"2026-04-13T15:45:49+02:00","type":"BLOCK","message":"Rate limit d\u00e9pass\u00e9 : login_ip_::1","ip":"::1","data":{"ip":"::1"},"hash":"c3e642c0a57b41057dda68551e2f0a5ab133406f4d3cf8f7bdaf116cd64a85a0"}
{"ts":"2026-04-13T15:47:50+02:00","type":"INFO","message":"OTP DEV g\u00e9n\u00e9r\u00e9 \u2014 user_id=5 : 717073","ip":"::1","data":[],"hash":"44629729c1453a555f85ae555d4c950b115406cb58e95f00019a00bc4000ee50"}
{"ts":"2026-04-13T15:47:50+02:00","type":"INFO","message":"OTP DEV EMAIL \u2014 dindouma@gmail.com (DC-237-8047) : 717073","ip":"::1","data":[],"hash":"ebae63675f1a7b3c76b983eb7bda68c0a66adb187362979a3eb92d2630586671"}
{"ts":"2026-04-13T15:48:46+02:00","type":"BLOCK","message":"Rate limit d\u00e9pass\u00e9 : login_ip_::1","ip":"::1","data":{"ip":"::1"},"hash":"4790c9ed7aa9c1d35222396fa60d34e90dd445bb504add6633afaf58815c21e2"}
{"ts":"2026-04-13T15:50:42+02:00","type":"BLOCK","message":"Rate limit d\u00e9pass\u00e9 : login_ip_::1","ip":"::1","data":{"ip":"::1"},"hash":"53f66c904fd35e17d875b5bf65f8f9e89c8df69aec368eac3fdf88f2aa1b4afa"}
{"ts":"2026-04-13T15:51:18+02:00","type":"BLOCK","message":"Rate limit d\u00e9pass\u00e9 : login_ip_::1","ip":"::1","data":{"ip":"::1"},"hash":"00cca34d942f23d3704dd4cd7e5d09a52d4660bba9b4daa658fafa2998818ee1"}
{"ts":"2026-04-13T15:52:30+02:00","type":"BLOCK","message":"Rate limit d\u00e9pass\u00e9 : login_ip_::1","ip":"::1","data":{"ip":"::1"},"hash":"01c2046ddd79cd426abe70d8bd8c0ab94900fa15dd1d6ad419b8bcbb9ab64d54"}
{"ts":"2026-04-13T15:52:42+02:00","type":"BLOCK","message":"Rate limit d\u00e9pass\u00e9 : login_ip_::1","ip":"::1","data":{"ip":"::1"},"hash":"a730462648abe3b5c1d23024d40b0b762aa246fb95283bd82acd424652f4f8d0"}
{"ts":"2026-04-13T15:58:34+02:00","type":"BLOCK","message":"Rate limit d\u00e9pass\u00e9 : login_compte_0a35449de05584b330e4f0b554b3846f","ip":"::1","data":{"ip":"::1"},"hash":"911d9bd80ffa9fae3a25d5f300a3d9731ad22bf300ed77972cfddb973972c5ad"}
{"ts":"2026-04-13T16:14:09+02:00","type":"INFO","message":"OTP DEV g\u00e9n\u00e9r\u00e9 \u2014 user_id=2 : 984785","ip":"::1","data":[],"hash":"5d85dc48d0acdd938088f5af924b0b1128ee00cac4ea23a463953df0c8dc08dd"}
{"ts":"2026-04-13T16:14:09+02:00","type":"INFO","message":"OTP DEV EMAIL \u2014 dindoumahonore3@gmail.com (DC-237-0099) : 984785","ip":"::1","data":[],"hash":"45d68a491a1930fa53b3114e8d0f1e22b964d948fb4ea8b368facc4231d0eed8"}
{"ts":"2026-04-13T16:14:13+02:00","type":"INFO","message":"OTP email envoy\u00e9 avec succ\u00e8s : dindoumahonore3@gmail.com","ip":"::1","data":[],"hash":"529f5abc95797c0fe47ace5d9ec8387bb66b29427b279bbe4f736fc99f5dca62"}
{"ts":"2026-04-13T16:14:13+02:00","type":"AUTH","message":"Identifiants OK \u2014 OTP requis : DC-237-0099","ip":"::1","data":[],"hash":"eaba14fc6b6f0904241e8cf7310cf7f5f7a5f0eb039da317f170b89c1b9aa425"}
{"ts":"2026-04-13T16:14:51+02:00","type":"AUTH","message":"OTP valid\u00e9 \u2014 connexion \u00e9tablie : DC-237-0099","ip":"::1","data":[],"hash":"af6623c59fa33f28a5351a3174d21e57020a51a86334c4131f34de00d023b742"}
{"ts":"2026-04-13T16:15:37+02:00","type":"INFO","message":"OTP DEV g\u00e9n\u00e9r\u00e9 \u2014 user_id=1 : 181605","ip":"::1","data":[],"hash":"32480d8ea94210d88a12b674f1364cc588263f702796c2344f867438c273a6e5"}
{"ts":"2026-04-13T16:15:37+02:00","type":"INFO","message":"OTP DEV EMAIL \u2014 dindoumahonore@gmail.com (DC-237-0001) : 181605","ip":"::1","data":[],"hash":"d6425828db5850d7990cec72275f3ad038e56d3b0358eeba40bd4288c62e7691"}
{"ts":"2026-04-13T16:15:42+02:00","type":"INFO","message":"OTP email envoy\u00e9 avec succ\u00e8s : dindoumahonore@gmail.com","ip":"::1","data":[],"hash":"d3fdfa47c2ebf87e3626d9aadd569a91cd23c19d727ded1e08d468b8c18a2350"}
{"ts":"2026-04-13T16:15:42+02:00","type":"AUTH","message":"Identifiants OK \u2014 OTP requis : DC-237-0001","ip":"::1","data":[],"hash":"6077be092dc25166c8dc60f42ca556961cf1aa798f49a84c9fb52de2cac798bd"}
{"ts":"2026-04-13T16:16:18+02:00","type":"AUTH","message":"OTP valid\u00e9 \u2014 connexion \u00e9tablie : DC-237-0001","ip":"::1","data":[],"hash":"2acfbb09e56f10e77c6017fdca567572d289c16ad05d9d902d961b66af315e16"}
{"ts":"2026-04-13T16:17:19+02:00","type":"INFO","message":"OTP DEV g\u00e9n\u00e9r\u00e9 \u2014 user_id=1 : 191023","ip":"::1","data":[],"hash":"47ddead9b8117d0f127b9aad37f5a93cad0d99ef38f8678fdb4ac399864ad3dd"}
{"ts":"2026-04-13T16:17:19+02:00","type":"INFO","message":"OTP DEV EMAIL \u2014 dindoumahonore@gmail.com (DC-237-0001) : 191023","ip":"::1","data":[],"hash":"e7665e2b3dc7163fe30c692cd8a185c025e115e6a0a0350284625edd4f01a148"}
{"ts":"2026-04-13T16:17:24+02:00","type":"INFO","message":"OTP email envoy\u00e9 avec succ\u00e8s : dindoumahonore@gmail.com","ip":"::1","data":[],"hash":"79e9b02f83b19d9a22c2541b2e499713a1f6d938c5a5da87dbd4e4e2e67a1b03"}
{"ts":"2026-04-13T16:17:24+02:00","type":"AUTH","message":"Identifiants OK \u2014 OTP requis : DC-237-0001","ip":"::1","data":[],"hash":"2b36bb74b8ed8ae84e3bff7c8781e5e0a5b29d8795d8f8346a0377b4454dd1bb"}
{"ts":"2026-04-13T16:17:48+02:00","type":"AUTH","message":"OTP valid\u00e9 \u2014 connexion \u00e9tablie : DC-237-0001","ip":"::1","data":[],"hash":"73a17c4fed9d766031ed9a763ca76cca14858f4ebaebda88ddf9b6c49db63bed"}
{"ts":"2026-04-13T16:37:09+02:00","type":"INFO","message":"OTP DEV g\u00e9n\u00e9r\u00e9 \u2014 user_id=1 : 819724","ip":"::1","data":[],"hash":"b85779220d12f972055b3bf9485081db0a826f4c5d92ac4bea4e2ded84cbc20a"}
{"ts":"2026-04-13T16:37:09+02:00","type":"INFO","message":"OTP DEV EMAIL \u2014 dindoumahonore@gmail.com (DC-237-0001) : 819724","ip":"::1","data":[],"hash":"1605f57c9dd3db253880518b6eb2943a4e03e2f14b64a561cb20e6db31e666b7"}
{"ts":"2026-04-13T16:37:14+02:00","type":"INFO","message":"OTP email envoy\u00e9 avec succ\u00e8s : dindoumahonore@gmail.com","ip":"::1","data":[],"hash":"d5838fd8afbad4c8dbab996496ea373737b42fd4a62d0c3085280802e13a5a9b"}
{"ts":"2026-04-13T16:37:14+02:00","type":"AUTH","message":"Identifiants OK \u2014 OTP requis : DC-237-0001","ip":"::1","data":[],"hash":"a3c14322acb94aa9fde5e6a8729b994b3c9174b2159829beeea7f05072cda7e3"}
{"ts":"2026-04-13T16:37:29+02:00","type":"AUTH","message":"OTP valid\u00e9 \u2014 connexion \u00e9tablie : DC-237-0001","ip":"::1","data":[],"hash":"6fc4ccef503e48ed411a6cc7d31012d24a6f2e715c2188dc088f9ce0b6c29193"}
{"ts":"2026-04-13T16:54:59+02:00","type":"INFO","message":"OTP DEV g\u00e9n\u00e9r\u00e9 \u2014 user_id=1 : 405287","ip":"::1","data":[],"hash":"a20b9a85e9aa1cd15e9d9ae6fe38608069fee308696ccd8b33b5c2a2bee7b1ce"}
{"ts":"2026-04-13T16:54:59+02:00","type":"INFO","message":"OTP DEV EMAIL \u2014 dindoumahonore@gmail.com (DC-237-0001) : 405287","ip":"::1","data":[],"hash":"07beb152e1d652c50fe34c1e0d0e4fef614c300ae596dfcc498d4630299f14b5"}
{"ts":"2026-04-13T16:55:04+02:00","type":"INFO","message":"OTP email envoy\u00e9 avec succ\u00e8s : dindoumahonore@gmail.com","ip":"::1","data":[],"hash":"532a48841bdea532fc2f48aa0336c85b782a7990da8f9ee6bcd0f1da48a542e0"}
{"ts":"2026-04-13T16:55:04+02:00","type":"AUTH","message":"Identifiants OK \u2014 OTP requis : DC-237-0001","ip":"::1","data":[],"hash":"15654109678a6d1be6e62143b6acfce2a1bf8d42df6cd78b58e29d5f4c1d248a"}
{"ts":"2026-04-13T16:55:29+02:00","type":"AUTH","message":"OTP valid\u00e9 \u2014 connexion \u00e9tablie : DC-237-0001","ip":"::1","data":[],"hash":"fafe5b4dcd2d4069ed3183882eef091a5a91b19f8ee1687b69497ae0fde11bdc"}
{"ts":"2026-04-13T16:58:34+02:00","type":"AUTH","message":"D\u00e9connexion : DC-237-0001","ip":"::1","data":[],"hash":"e8ced8a8e8dc9b4f461b8797a5ddc83135b785298faddb917d3c6712eaf98457"}
{"ts":"2026-04-13T16:59:07+02:00","type":"INFO","message":"OTP DEV g\u00e9n\u00e9r\u00e9 \u2014 user_id=2 : 043613","ip":"::1","data":[],"hash":"e55f31e9b429afcac3ac010af0cbdf247e9e5a3577eb20689a16ded7498dd2e8"}
{"ts":"2026-04-13T16:59:07+02:00","type":"INFO","message":"OTP DEV EMAIL \u2014 dindoumahonore3@gmail.com (DC-237-0099) : 043613","ip":"::1","data":[],"hash":"725d92b0e0359b31c8fa8120d11fad58ccec146178263c481eb0e6b54c7d8d8f"}
{"ts":"2026-04-13T16:59:13+02:00","type":"INFO","message":"OTP email envoy\u00e9 avec succ\u00e8s : dindoumahonore3@gmail.com","ip":"::1","data":[],"hash":"25a94c955e67ce7eb1e9bc4decf351c5e9fe978edbd3582159e96783cccd60c0"}
{"ts":"2026-04-13T16:59:13+02:00","type":"AUTH","message":"Identifiants OK \u2014 OTP requis : DC-237-0099","ip":"::1","data":[],"hash":"3fb5527e460107f49c0401c2f09e8d112706a1aa172f34eda41d01d1e2bf66b4"}
{"ts":"2026-04-13T16:59:28+02:00","type":"AUTH","message":"OTP valid\u00e9 \u2014 connexion \u00e9tablie : DC-237-0099","ip":"::1","data":[],"hash":"d4fe4bc020b8f2625263b41fa6c89fa0042916f6edbffe8c380c305544e9d8a5"}
{"ts":"2026-04-15T11:17:12+02:00","type":"AUTH","message":"Identifiants OK \u2014 OTP requis : DC-237-0001","ip":"::1","data":[],"hash":"fbaffe201fbfb20f5477a219a69884a3d914c8587938c30c7f39f6d1548293dc"}
{"ts":"2026-04-15T11:47:43+02:00","type":"AUTH","message":"Identifiants OK \u2014 OTP requis : DC-237-0001","ip":"::1","data":[],"hash":"8ed85e5e892c4c4641b3f217b0bd13f9cc36294bb4a0d3f088b5a8b1ec7298e9"}
{"ts":"2026-04-15T11:47:59+02:00","type":"FAIL","message":"OTP expir\u00e9 ou inexistant : DC-237-0001","ip":"::1","data":[],"hash":"3c5540f73a497aa1ae1ddf3bdfe76a7f477d95d1c1d7bc5cdded1c61b6ca1c77"}
{"ts":"2026-04-15T11:49:19+02:00","type":"AUTH","message":"Identifiants OK \u2014 OTP requis : DC-237-0001","ip":"::1","data":[],"hash":"436b651caca5a9f07f401ea271f676eb012fb7d0ffcee1d3bd2c7c385c93fcf0"}
{"ts":"2026-04-15T11:49:27+02:00","type":"FAIL","message":"OTP expir\u00e9 ou inexistant : DC-237-0001","ip":"::1","data":[],"hash":"9990c2ae4681888ab5781ef9df3d902dd3a575640345d8f16dba9ce96a95a43d"}
{"ts":"2026-04-15T11:53:34+02:00","type":"AUTH","message":"Identifiants OK \u2014 OTP requis : DC-237-0001","ip":"::1","data":[],"hash":"f4949b4e88591c469e676812f6d7fdaeb0fb67b1e70d6f0c311b59f22c3ecd45"}
{"ts":"2026-04-15T11:54:33+02:00","type":"FAIL","message":"OTP expir\u00e9 ou inexistant : DC-237-0001","ip":"::1","data":[],"hash":"93dc4f94094127a508f580ed9ac1de898bda67d9b98b56990b38920c6014b5fe"}
{"ts":"2026-04-15T12:28:53+02:00","type":"INFO","message":"OTP DEV g\u00e9n\u00e9r\u00e9 \u2014 user_id=1 : 376970","ip":"::1","data":[],"hash":"826ecc777ff3b83e14c0d3e088427b75700c40dff598d6e5751620b95fc06dc8"}
{"ts":"2026-04-15T12:28:53+02:00","type":"INFO","message":"OTP DEV EMAIL \u2014 dindoumahonore@gmail.com (DC-237-0001) : 376970","ip":"::1","data":[],"hash":"ce9219c8cc59c2b444aeb2fbb63cebb24e8b8a315fb70de0551537c7cf375c27"}
{"ts":"2026-04-15T12:28:57+02:00","type":"INFO","message":"OTP email envoy\u00e9 avec succ\u00e8s : dindoumahonore@gmail.com","ip":"::1","data":[],"hash":"70274840f7fe11e948f183a1d69f27b6921ad67014ba0c150afd2ca54c1454e2"}
{"ts":"2026-04-15T12:28:57+02:00","type":"AUTH","message":"Identifiants OK \u2014 OTP requis : DC-237-0001","ip":"::1","data":[],"hash":"eea0ecedfe0fc8ffaf0ffa56717eb296f396d7552167c29cc398a3e977aef114"}
{"ts":"2026-04-15T12:29:18+02:00","type":"AUTH","message":"OTP valid\u00e9 \u2014 connexion \u00e9tablie : DC-237-0001","ip":"::1","data":[],"hash":"3925066075ba762922450eab7562b01bbf173591a0c43423170724ed8ce45d20"}
{"ts":"2026-04-15T12:38:02+02:00","type":"INFO","message":"OTP DEV g\u00e9n\u00e9r\u00e9 \u2014 user_id=1 : 000655","ip":"::1","data":[],"hash":"9327330617c413a8c001afb7427757bf3b5ebe200d1d60b1593443f6bb5252a7"}
{"ts":"2026-04-15T12:38:02+02:00","type":"INFO","message":"OTP DEV EMAIL \u2014 dindoumahonore@gmail.com (DC-237-0001) : 000655","ip":"::1","data":[],"hash":"de7d0c205827e128e833e11fdf00b31f37756ca70891cd5e6d2135a112c59218"}
{"ts":"2026-04-15T12:38:06+02:00","type":"INFO","message":"OTP email envoy\u00e9 avec succ\u00e8s : dindoumahonore@gmail.com","ip":"::1","data":[],"hash":"9ad81f2c196da92ab9e3d04194d7837b918d307671bd76f31d6fae0880e2317e"}
{"ts":"2026-04-15T12:38:06+02:00","type":"AUTH","message":"Identifiants OK \u2014 OTP requis : DC-237-0001","ip":"::1","data":[],"hash":"63186921d7cddae025eaec3b4f5036833d0c5c871502489fc85a546bf5b9f3d4"}
{"ts":"2026-04-15T12:38:24+02:00","type":"AUTH","message":"OTP valid\u00e9 \u2014 connexion \u00e9tablie : DC-237-0001","ip":"::1","data":[],"hash":"b37b83ec73e3b4dbb7390e11cd8bc6f021b89c447ffb316b824013dc93628048"}
{"ts":"2026-04-15T12:56:42+02:00","type":"INFO","message":"OTP DEV g\u00e9n\u00e9r\u00e9 \u2014 user_id=1 : 717202","ip":"::1","data":[],"hash":"17a15a1960b87d456fcac806f5051c22a31b7f3a3e2ba436f03b76856f06ca61"}
{"ts":"2026-04-15T12:56:42+02:00","type":"INFO","message":"OTP DEV EMAIL \u2014 dindoumahonore@gmail.com (DC-237-0001) : 717202","ip":"::1","data":[],"hash":"9b747cc4a3a8717aa5095a5d3332ed51b0562dea101527b70820b3692597b5e6"}
{"ts":"2026-04-15T12:56:50+02:00","type":"INFO","message":"OTP email envoy\u00e9 avec succ\u00e8s : dindoumahonore@gmail.com","ip":"::1","data":[],"hash":"7eebe5b764b2712e904ff46f30574ed893f56839fda837b924fa494ed16040e9"}
{"ts":"2026-04-15T12:56:50+02:00","type":"AUTH","message":"Identifiants OK \u2014 OTP requis : DC-237-0001","ip":"::1","data":[],"hash":"4dd766fc4b707b4f11b701f50dded387197abed8223b6947bd94f2dde0ec5820"}
{"ts":"2026-04-15T12:57:11+02:00","type":"AUTH","message":"OTP valid\u00e9 \u2014 connexion \u00e9tablie : DC-237-0001","ip":"::1","data":[],"hash":"90eab2367eb1d6e5021fa6618239378278c3868457b67d522376a3164c7f9509"}
{"ts":"2026-04-15T12:58:02+02:00","type":"TXN","message":"D\u00e9p\u00f4t +5000 FCFA : DC-237-0001","ip":"::1","data":[],"hash":"27bfc0eb1802e81cc93de4ebf7d27f3ba1dbd7d9ae1e586f78fc009970b628bc"}
{"ts":"2026-04-15T13:03:12+02:00","type":"AUTH","message":"D\u00e9connexion : DC-237-0001","ip":"::1","data":[],"hash":"1af30a1432523b9f2c695939e6e09af2e265e56d7c44abc41b7e9c76887aae25"}
{"ts":"2026-04-15T14:37:57+02:00","type":"INFO","message":"OTP DEV g\u00e9n\u00e9r\u00e9 \u2014 user_id=4 : 617125","ip":"::1","data":[],"hash":"d2d23350a3b6ebf387798036d5e76ddb9506d33784a8ba0a8e3fda6ed6939611"}
{"ts":"2026-04-15T14:37:57+02:00","type":"INFO","message":"OTP DEV EMAIL \u2014 dindoumahonore3@gmail.com (DC-237-0175) : 617125","ip":"::1","data":[],"hash":"519b3563e37a5158edee504082e4f523c350406a5b310c21290f61daf6860768"}
{"ts":"2026-04-15T14:38:01+02:00","type":"INFO","message":"OTP email envoy\u00e9 avec succ\u00e8s : dindoumahonore3@gmail.com","ip":"::1","data":[],"hash":"c865dc2559dab000084a66ab4af5f89c81100d3ae086448cb3f7e3c99de17cab"}
{"ts":"2026-04-15T14:38:01+02:00","type":"AUTH","message":"Identifiants OK \u2014 OTP requis : DC-237-0175","ip":"::1","data":[],"hash":"3ba0bd816594d00876bb371e135372fd119c06d43211fd8794f253091cd0de6c"}
{"ts":"2026-04-15T14:38:24+02:00","type":"AUTH","message":"OTP valid\u00e9 \u2014 connexion \u00e9tablie : DC-237-0175","ip":"::1","data":[],"hash":"3f951eebbf3b0a92141fa64c2e8b6bf504637c6f55246de3c9368eb89f12f30d"}
{"ts":"2026-04-15T14:54:52+02:00","type":"INFO","message":"OTP DEV g\u00e9n\u00e9r\u00e9 \u2014 user_id=1 : 283540","ip":"::1","data":[],"hash":"a1c52a5a82b4b6b9c5f1172cb52d398784d4df03bfdc92046381efd406825ba7"}
{"ts":"2026-04-15T14:54:52+02:00","type":"INFO","message":"OTP DEV EMAIL \u2014 dindoumahonore@gmail.com (DC-237-0001) : 283540","ip":"::1","data":[],"hash":"cd697c6841891163eb81e086c2d8f7ec1bf8f2b8ba9ba4dd63ac5deb74bc6607"}
{"ts":"2026-04-15T14:54:57+02:00","type":"INFO","message":"OTP email envoy\u00e9 avec succ\u00e8s : dindoumahonore@gmail.com","ip":"::1","data":[],"hash":"fe5b9a73dc94ff2afad371b2bb0a16a728f8ea98387232b7a859660e68071ff3"}
{"ts":"2026-04-15T14:54:57+02:00","type":"AUTH","message":"Identifiants OK \u2014 OTP requis : DC-237-0001","ip":"::1","data":[],"hash":"dfcd7cad64fb3566f639e434467d0920fdc4da0b7d26767dfb6175a277cbd718"}
{"ts":"2026-04-15T14:55:24+02:00","type":"AUTH","message":"OTP valid\u00e9 \u2014 connexion \u00e9tablie : DC-237-0001","ip":"::1","data":[],"hash":"73768aa727f37baf9b3cd490cfa5c6cca494d851bbbad1a83b127d101289d83a"}
{"ts":"2026-04-15T14:55:49+02:00","type":"AUTH","message":"D\u00e9verrouillage admin : DC-237-0042","ip":"::1","data":[],"hash":"2536ae908bc857608014a873ef59478109a5c04e54e43277d7fd868d1e0530fc"}
{"ts":"2026-04-15T14:56:00+02:00","type":"AUTH","message":"D\u00e9connexion : DC-237-0001","ip":"::1","data":[],"hash":"b5c4168745abb6bd343599ea62cac2dee17242014bad9eb5d71c9fa4b2abc862"}
{"ts":"2026-04-15T14:56:16+02:00","type":"INFO","message":"OTP DEV g\u00e9n\u00e9r\u00e9 \u2014 user_id=3 : 277976","ip":"::1","data":[],"hash":"0b69fe96ea834c8516ea48bb32a24e4c73ef682e6c44f987b7581b36cf79eb80"}
{"ts":"2026-04-15T14:56:16+02:00","type":"INFO","message":"OTP DEV EMAIL \u2014 paul.tagne@yahoo.fr (DC-237-0042) : 277976","ip":"::1","data":[],"hash":"237fdd182f8990ee4c8421a238c30b076e1cec978c11e038f246c48c11599d91"}
{"ts":"2026-04-15T14:56:21+02:00","type":"INFO","message":"OTP email envoy\u00e9 avec succ\u00e8s : paul.tagne@yahoo.fr","ip":"::1","data":[],"hash":"5be4f60f41040b3354a7599fb2f64015288cae5581265ea35a3108d9d8541f85"}
{"ts":"2026-04-15T14:56:21+02:00","type":"AUTH","message":"Identifiants OK \u2014 OTP requis : DC-237-0042","ip":"::1","data":[],"hash":"3db22950fba6d7af6e803b63f74faf574c1c43f47407d29db410642138e89092"}
{"ts":"2026-04-15T14:56:46+02:00","type":"AUTH","message":"OTP valid\u00e9 \u2014 connexion \u00e9tablie : DC-237-0042","ip":"::1","data":[],"hash":"8ad3b6d4f092338aa4c05ada4ae6073af46bd1a8c162ad69eeac8ba91b0a3a22"}
{"ts":"2026-04-15T14:58:46+02:00","type":"TXN","message":"D\u00e9p\u00f4t +200000 FCFA : DC-237-0042","ip":"::1","data":[],"hash":"ba9cc52c7addaf1984c564948e48d5ca42f686211a84d38f0d9b324b2349eaca"}
{"ts":"2026-04-16T10:18:13+02:00","type":"INFO","message":"OTP DEV g\u00e9n\u00e9r\u00e9 \u2014 user_id=1 : 553343","ip":"::1","data":[],"hash":"25e94f780dd5306d15c1bb98f6aec494c13d329b59ef82549f814d7ee7a4db42"}
{"ts":"2026-04-16T10:18:13+02:00","type":"INFO","message":"OTP DEV EMAIL \u2014 dindoumahonore@gmail.com (DC-237-0001) : 553343","ip":"::1","data":[],"hash":"fe759660693e6e73c9e6ba484e0c36b6d75d6aa74eb0ff399cc000ac80b492d0"}
{"ts":"2026-04-16T10:18:19+02:00","type":"INFO","message":"OTP email envoy\u00e9 avec succ\u00e8s : dindoumahonore@gmail.com","ip":"::1","data":[],"hash":"1f0188ff7531bd158c666d20c2026834a6e9fd0827e15c71b3487306c2c6e5a4"}
{"ts":"2026-04-16T10:18:19+02:00","type":"AUTH","message":"Identifiants OK \u2014 OTP requis : DC-237-0001","ip":"::1","data":[],"hash":"72b380803c36728d8c67b463ffa71ff0b530c976e2bf9c00ef884ff121164cee"}
{"ts":"2026-04-16T10:18:55+02:00","type":"AUTH","message":"OTP valid\u00e9 \u2014 connexion \u00e9tablie : DC-237-0001","ip":"::1","data":[],"hash":"3376c78568bd896ad749c90bc98c54653ff1f433a2cca321d6d1b7abc6fc5ca1"}
{"ts":"2026-04-16T12:26:13+02:00","type":"INFO","message":"OTP DEV g\u00e9n\u00e9r\u00e9 \u2014 user_id=1 : 539225","ip":"::1","data":[],"hash":"30e2180bbc5dfd7e5e1206cdb1c74b79358b5b037fc1efc196ac8e153b3da36c"}
{"ts":"2026-04-16T12:26:13+02:00","type":"INFO","message":"OTP DEV EMAIL \u2014 dindoumahonore@gmail.com (DC-237-0001) : 539225","ip":"::1","data":[],"hash":"72e09b744d6273bae771132e8cc21074045cdf3213d1378f32dfb53ecad793f0"}
{"ts":"2026-04-16T12:26:18+02:00","type":"INFO","message":"OTP email envoy\u00e9 avec succ\u00e8s : dindoumahonore@gmail.com","ip":"::1","data":[],"hash":"e67668d18ff23bccb8969a1dfc204812e62306aaac128de6970cafd1cce08194"}
{"ts":"2026-04-16T12:26:19+02:00","type":"AUTH","message":"Identifiants OK \u2014 OTP requis : DC-237-0001","ip":"::1","data":[],"hash":"e1184897d1e594ff5f519ffc892f402f792cc969f5b7eaef56f637b8020e4331"}
{"ts":"2026-04-16T12:26:55+02:00","type":"AUTH","message":"OTP valid\u00e9 \u2014 connexion \u00e9tablie : DC-237-0001","ip":"::1","data":[],"hash":"0d43ddf3499461c1ae41bf7f5230e50eb361a816743a46ada9aac60c828ae682"}
{"ts":"2026-04-16T12:43:55+02:00","type":"INFO","message":"OTP DEV g\u00e9n\u00e9r\u00e9 \u2014 user_id=1 : 644593","ip":"::1","data":[],"hash":"035fa3e75c533cbef4d0fffacd3fb0e060fab50c12cc0ebae271353482a68483"}
{"ts":"2026-04-16T12:43:55+02:00","type":"INFO","message":"OTP DEV EMAIL \u2014 dindoumahonore@gmail.com (DC-237-0001) : 644593","ip":"::1","data":[],"hash":"ac0c913a660cbb4408ff716a6ab00c365d21c54a7697315397dcdaa06b3fa2c3"}
{"ts":"2026-04-16T12:44:00+02:00","type":"INFO","message":"OTP email envoy\u00e9 avec succ\u00e8s : dindoumahonore@gmail.com","ip":"::1","data":[],"hash":"fabd34d8db5ffeda740b115651b5e08f3b285ac6a0188d306dc8fafac6a0a9a5"}
{"ts":"2026-04-16T12:44:00+02:00","type":"AUTH","message":"Identifiants OK \u2014 OTP requis : DC-237-0001","ip":"::1","data":[],"hash":"c87425c6ca21b806a7c09e8e09c0eab46d337f6d276810ff30bc23292f25a953"}
{"ts":"2026-04-16T12:44:16+02:00","type":"AUTH","message":"OTP valid\u00e9 \u2014 connexion \u00e9tablie : DC-237-0001","ip":"::1","data":[],"hash":"ed80a73816b39aa8857dbf32c5ed28943a46c54cb8528f348cb3c2ef6ea6f3de"}
{"ts":"2026-04-16T12:45:37+02:00","type":"AUTH","message":"D\u00e9connexion : DC-237-0001","ip":"::1","data":[],"hash":"fcb6591ecd908110eb0e6794196b4e881deac90e17a9252da9d566b1be043279"}
{"ts":"2026-04-16T12:47:52+02:00","type":"INFO","message":"OTP DEV g\u00e9n\u00e9r\u00e9 \u2014 user_id=1 : 781329","ip":"::1","data":[],"hash":"2cd92a5b70dcfff1a0ed435cf388124c2ed9be63d383f6da767eb5a3f57c3ec3"}
{"ts":"2026-04-16T12:47:52+02:00","type":"INFO","message":"OTP DEV EMAIL \u2014 dindoumahonore@gmail.com (DC-237-0001) : 781329","ip":"::1","data":[],"hash":"5060f02878bc56fd57d28b4473f7d221e01f3130dc27271cb919aa4d410c7345"}
{"ts":"2026-04-16T12:47:57+02:00","type":"INFO","message":"OTP email envoy\u00e9 avec succ\u00e8s : dindoumahonore@gmail.com","ip":"::1","data":[],"hash":"c213ff153018ba911e0694a2ac46288d97e3184546c02384978e0a8df90790d0"}
{"ts":"2026-04-16T12:47:57+02:00","type":"AUTH","message":"Identifiants OK \u2014 OTP requis : DC-237-0001","ip":"::1","data":[],"hash":"65373c7b5a4be1048975a8848d9e4a69b24867e327416947e1f71305b6037275"}
{"ts":"2026-04-16T12:48:25+02:00","type":"AUTH","message":"OTP valid\u00e9 \u2014 connexion \u00e9tablie : DC-237-0001","ip":"::1","data":[],"hash":"dfc3824b6022711a11b8c264f07befb6cea8a7997f16e7cb7d6a9e69aad138aa"}
{"ts":"2026-04-17T10:34:10+02:00","type":"INFO","message":"OTP DEV g\u00e9n\u00e9r\u00e9 \u2014 user_id=1 : 964994","ip":"::1","data":[],"hash":"31d3cf93fcf20fb7f2ea496517557526f80ce199e461aaa2a16c2538e16dc1a2"}
{"ts":"2026-04-17T10:34:10+02:00","type":"INFO","message":"OTP DEV EMAIL \u2014 dindoumahonore@gmail.com (DC-237-0001) : 964994","ip":"::1","data":[],"hash":"c312e0573e91b68c57740ed4ed33319a6ea119ceeab0b60b3d7c6ffbd5ed3448"}
{"ts":"2026-04-17T10:34:29+02:00","type":"INFO","message":"OTP email envoy\u00e9 avec succ\u00e8s : dindoumahonore@gmail.com","ip":"::1","data":[],"hash":"e24f9dbad2f265b0321c7ddc748aa4c1c190851b24a5793293b66298ec621de4"}
{"ts":"2026-04-17T10:34:29+02:00","type":"AUTH","message":"Identifiants OK \u2014 OTP requis : DC-237-0001","ip":"::1","data":[],"hash":"7e149b5a5aea8963ee452dc8031c3361db7132abdf6e39336efcb157e5bbb79e"}
{"ts":"2026-04-17T10:34:53+02:00","type":"AUTH","message":"OTP valid\u00e9 \u2014 connexion \u00e9tablie : DC-237-0001","ip":"::1","data":[],"hash":"870613609d2757dd8ff1e06f5a87e08c70805fc5dc4e9d1b8aff0216bbe0dfbf"}
{"ts":"2026-04-17T10:35:34+02:00","type":"TXN","message":"D\u00e9p\u00f4t +5000 FCFA : DC-237-0001","ip":"::1","data":[],"hash":"cead7dc69cb4435acca564a323a72f88fe71986acd690d3f66cf37e76507553b"}
{"ts":"2026-04-17T10:53:18+02:00","type":"INFO","message":"OTP DEV g\u00e9n\u00e9r\u00e9 \u2014 user_id=1 : 608311","ip":"::1","data":[],"hash":"7b39be0bb281c16a085619b06f306b9b09744f44a1bf48e6d72f027d057bab36"}
{"ts":"2026-04-17T10:53:18+02:00","type":"INFO","message":"OTP DEV EMAIL \u2014 dindoumahonore@gmail.com (DC-237-0001) : 608311","ip":"::1","data":[],"hash":"4e7a8c94ff2d3b88608298e32c01fa3b9408585adb055738a01a4900b7d76a12"}
{"ts":"2026-04-17T10:53:25+02:00","type":"INFO","message":"OTP email envoy\u00e9 avec succ\u00e8s : dindoumahonore@gmail.com","ip":"::1","data":[],"hash":"b75be772e4a274b4ac2c37ff89e97fa4e44a7b6b2c90f76b6221732263450a71"}
{"ts":"2026-04-17T10:53:25+02:00","type":"AUTH","message":"Identifiants OK \u2014 OTP requis : DC-237-0001","ip":"::1","data":[],"hash":"6ca1ee28cfe53cb6ab2ed5d6298c8548b2044bbe20bfca9cc742fa315511d009"}
{"ts":"2026-04-17T10:53:45+02:00","type":"AUTH","message":"OTP valid\u00e9 \u2014 connexion \u00e9tablie : DC-237-0001","ip":"::1","data":[],"hash":"ab6c2fb8fed272227f414b6bbb1fbb4bca9bb83ce0dfc07f06f399036d2567a6"}
{"ts":"2026-04-17T10:58:55+02:00","type":"AUTH","message":"D\u00e9connexion : DC-237-0001","ip":"::1","data":[],"hash":"cc9b6c9b22f094c6167033e5712874febe32e9158db717873a04cbd7f874637d"}
{"ts":"2026-04-17T10:59:21+02:00","type":"INFO","message":"OTP DEV g\u00e9n\u00e9r\u00e9 \u2014 user_id=1 : 093256","ip":"::1","data":[],"hash":"268de76a7a46d193fc632269f746c011ed8d5407b0c8f3ca4bde9f1d7637a0c7"}
{"ts":"2026-04-17T10:59:21+02:00","type":"INFO","message":"OTP DEV EMAIL \u2014 dindoumahonore@gmail.com (DC-237-0001) : 093256","ip":"::1","data":[],"hash":"860d6cf140000641e4f9d8bb5afeb8176dd73d1477b01080e969b4b2b6b86933"}
{"ts":"2026-04-17T10:59:28+02:00","type":"INFO","message":"OTP email envoy\u00e9 avec succ\u00e8s : dindoumahonore@gmail.com","ip":"::1","data":[],"hash":"571e57a7cb7bbc12179f91f25f0efc286025ec069c4cc77df638dbea2144c43b"}
{"ts":"2026-04-17T10:59:28+02:00","type":"AUTH","message":"Identifiants OK \u2014 OTP requis : DC-237-0001","ip":"::1","data":[],"hash":"469bca826241a36ab86fbf8a8e0cf42582519c1766ecde98cb30b213f886340a"}
{"ts":"2026-04-17T11:00:04+02:00","type":"AUTH","message":"OTP valid\u00e9 \u2014 connexion \u00e9tablie : DC-237-0001","ip":"::1","data":[],"hash":"4131e48d7596478a6e2b4b17e1389813dbf4b186be56cd4b6c46ec416024c3be"}
{"ts":"2026-04-17T11:20:45+02:00","type":"INFO","message":"OTP DEV g\u00e9n\u00e9r\u00e9 \u2014 user_id=1 : 821492","ip":"::1","data":[],"hash":"1fd305078e887f507509403ad0c2b34616a2ae815964d395704e69d138b2199a"}
{"ts":"2026-04-17T11:20:45+02:00","type":"INFO","message":"OTP DEV EMAIL \u2014 dindoumahonore@gmail.com (DC-237-0001) : 821492","ip":"::1","data":[],"hash":"1760849fb68273de0666a0b31113a9e117b8af0e0b8b3ada95266b1f129faea2"}
{"ts":"2026-04-17T11:20:54+02:00","type":"INFO","message":"OTP email envoy\u00e9 avec succ\u00e8s : dindoumahonore@gmail.com","ip":"::1","data":[],"hash":"9d5025ef02f34cd8a7af4d0f40ed04231d72389449c9fb30025879669edd8e7d"}
{"ts":"2026-04-17T11:20:54+02:00","type":"AUTH","message":"Identifiants OK \u2014 OTP requis : DC-237-0001","ip":"::1","data":[],"hash":"ed39495da5ac446f3a394072f3f17335c7c85b61a7025fa737f4a78c7cf60986"}
{"ts":"2026-04-17T11:21:24+02:00","type":"AUTH","message":"OTP valid\u00e9 \u2014 connexion \u00e9tablie : DC-237-0001","ip":"::1","data":[],"hash":"2c01729aa7642e0266d222662892ff2297e493e89e5318c77b3085e2714bb464"}
{"ts":"2026-04-17T12:00:09+02:00","type":"INFO","message":"OTP DEV g\u00e9n\u00e9r\u00e9 \u2014 user_id=1 : 736623","ip":"::1","data":[],"hash":"76c3dcf496f99bb267fb4d29c77259ea9c1aaa86031108b5de340a4aeadd3961"}
{"ts":"2026-04-17T12:00:09+02:00","type":"INFO","message":"OTP DEV EMAIL \u2014 dindoumahonore@gmail.com (DC-237-0001) : 736623","ip":"::1","data":[],"hash":"79c39a814c0efae1b94e159a43d489e817696dbe4ea60b652b42c343e96900dc"}
{"ts":"2026-04-17T12:00:48+02:00","type":"INFO","message":"OTP email envoy\u00e9 avec succ\u00e8s : dindoumahonore@gmail.com","ip":"::1","data":[],"hash":"aae831ee8c3b560e74a05f2f0911dccb9cb0f084e081eb3ec51c87c55edc6af6"}
{"ts":"2026-04-17T12:00:48+02:00","type":"AUTH","message":"Identifiants OK \u2014 OTP requis : DC-237-0001","ip":"::1","data":[],"hash":"caa0b3a45bb61d3c699f72616bdfcf5e224ee35c50f94aae231b2d326893f776"}
{"ts":"2026-04-17T12:01:32+02:00","type":"AUTH","message":"OTP valid\u00e9 \u2014 connexion \u00e9tablie : DC-237-0001","ip":"::1","data":[],"hash":"420088ea1ea3b4e43844b4aa48f087d58894c2d587ab86f1b45ea8dcf2742eb0"}
{"ts":"2026-04-17T12:27:52+02:00","type":"INFO","message":"OTP DEV g\u00e9n\u00e9r\u00e9 \u2014 user_id=1 : 482327","ip":"::1","data":[],"hash":"989391d3457f3109349cb25c6c8c7e65c86b1301ab87df4d22fc74e4f927d6b9"}
{"ts":"2026-04-17T12:27:52+02:00","type":"INFO","message":"OTP DEV EMAIL \u2014 dindoumahonore@gmail.com (DC-237-0001) : 482327","ip":"::1","data":[],"hash":"05b7153bd8dffddf5fd88a408c498a42c31c3871a19dc343662931ee4f8a74f5"}
{"ts":"2026-04-17T12:27:59+02:00","type":"INFO","message":"OTP email envoy\u00e9 avec succ\u00e8s : dindoumahonore@gmail.com","ip":"::1","data":[],"hash":"af300065caa22ab1d66489fc7384553602bf579c0e7da8cd4c10f243976d1324"}
{"ts":"2026-04-17T12:27:59+02:00","type":"AUTH","message":"Identifiants OK \u2014 OTP requis : DC-237-0001","ip":"::1","data":[],"hash":"97acdf4db0e750592eb279927373f8f578542dd9e8f0ec17f80562de395fabde"}
{"ts":"2026-04-17T12:28:38+02:00","type":"AUTH","message":"OTP valid\u00e9 \u2014 connexion \u00e9tablie : DC-237-0001","ip":"::1","data":[],"hash":"b083eaff73efa650982749b65da64d4162d49a64c5f3ac5c44e101d7b608d249"}
{"ts":"2026-04-17T13:40:33+02:00","type":"INFO","message":"OTP DEV g\u00e9n\u00e9r\u00e9 \u2014 user_id=1 : 141279","ip":"::1","data":[],"hash":"038561ed9f377e0492cb0ad7be70b70ab65a51be86e2c5a760cfd721d766405f"}
{"ts":"2026-04-17T13:40:33+02:00","type":"INFO","message":"OTP DEV EMAIL \u2014 dindoumahonore@gmail.com (DC-237-0001) : 141279","ip":"::1","data":[],"hash":"4f91787645f4becdb8a73972966e1e55c216c16d0d5f6cacc0b731f9f1cd370c"}
{"ts":"2026-04-17T13:40:38+02:00","type":"INFO","message":"OTP email envoy\u00e9 avec succ\u00e8s : dindoumahonore@gmail.com","ip":"::1","data":[],"hash":"afe0dc0e0094373625f6bcc979def807228a2fc5e493e9c8439a3b998c06d7b0"}
{"ts":"2026-04-17T13:40:38+02:00","type":"AUTH","message":"Identifiants OK \u2014 OTP requis : DC-237-0001","ip":"::1","data":[],"hash":"4cd433aea8a0e7dd2f2b7d0f4c5ca06496164343ed4b7ffbd2968c89deadb992"}
{"ts":"2026-04-17T13:44:14+02:00","type":"AUTH","message":"OTP valid\u00e9 \u2014 connexion \u00e9tablie : DC-237-0001","ip":"::1","data":[],"hash":"b58b3725a86209b5bfb367bbf81b00ea7a6015db4b95244469afb0d1a9b8d785"}
{"ts":"2026-04-18T09:57:17+02:00","type":"INFO","message":"OTP DEV g\u00e9n\u00e9r\u00e9 \u2014 user_id=1 : 557603","ip":"::1","data":[],"hash":"824fb6d54dca62090d604515e398fcb4b77caafc95fe94b34f31c0828342ed90"}
{"ts":"2026-04-18T09:57:17+02:00","type":"INFO","message":"OTP DEV EMAIL \u2014 dindoumahonore@gmail.com (DC-237-0001) : 557603","ip":"::1","data":[],"hash":"52349112196dca7417c9f2009ab02c851b67537f2aa5d7530d309b3472643115"}
{"ts":"2026-04-18T09:58:32+02:00","type":"INFO","message":"OTP DEV g\u00e9n\u00e9r\u00e9 \u2014 user_id=1 : 571830","ip":"::1","data":[],"hash":"c9ee3806a4a7477ca55f200720e57c042031655182957f906c3ed967a6d9600a"}
{"ts":"2026-04-18T09:58:32+02:00","type":"INFO","message":"OTP DEV EMAIL \u2014 dindoumahonore@gmail.com (DC-237-0001) : 571830","ip":"::1","data":[],"hash":"816cc8a68344b562017b1a0385e886a11c20e44b63749f6a1c3c0c10699ae675"}
{"ts":"2026-04-18T09:58:35+02:00","type":"INFO","message":"OTP DEV g\u00e9n\u00e9r\u00e9 \u2014 user_id=1 : 398338","ip":"::1","data":[],"hash":"846435737542856ee04930c087abf802067d57160b9b5daa42f88c691d1735a4"}
{"ts":"2026-04-18T09:58:35+02:00","type":"INFO","message":"OTP DEV EMAIL \u2014 dindoumahonore@gmail.com (DC-237-0001) : 398338","ip":"::1","data":[],"hash":"9440a87f3efd849096497893b6de676702018a2b1eefbab74acdc73e4994ed40"}
{"ts":"2026-04-18T10:01:34+02:00","type":"BLOCK","message":"Rate limit : login_compte_0a35449de05584b330e4f0b554b3846f","ip":"::1","data":{"ip":"::1"},"hash":"c006598b89cb59454d2df649a29e1bb24885881201da782752b95fc8767daa14"}
{"ts":"2026-04-18T10:02:35+02:00","type":"BLOCK","message":"Rate limit : login_compte_0a35449de05584b330e4f0b554b3846f","ip":"::1","data":{"ip":"::1"},"hash":"137e9e1837614de13d80f6159b39178f026fb300f7bd863a051eeda80ba0cfad"}
{"ts":"2026-04-18T10:02:55+02:00","type":"BLOCK","message":"Rate limit : login_ip_::1","ip":"::1","data":{"ip":"::1"},"hash":"8c906548c0c9e2f2e0659e7cfcc6e3a4c35ed9ae2248287224b785ce9e909c72"}
{"ts":"2026-04-18T10:04:06+02:00","type":"BLOCK","message":"Rate limit : login_ip_::1","ip":"::1","data":{"ip":"::1"},"hash":"d059b1b9692139b685d36e7f3d2dbc97545fe87cc0bab97c42b0b3d5118e64a3"}
{"ts":"2026-04-18T10:18:06+02:00","type":"INFO","message":"OTP DEV g\u00e9n\u00e9r\u00e9 \u2014 user_id=1 : 581802","ip":"::1","data":[],"hash":"ec460590251c8d3fd92fbe464c1218fbb6cba446beaaf13c4e15c57d893c38f8"}
{"ts":"2026-04-18T10:18:06+02:00","type":"INFO","message":"OTP DEV EMAIL \u2014 dindoumahonore@gmail.com (DC-237-0001) : 581802","ip":"::1","data":[],"hash":"dc58e56f625f99892fa0bd3f6dfe1f6b8e8aa423126702d57e8d63fb986a8537"}
{"ts":"2026-04-18T12:16:26+02:00","type":"INFO","message":"OTP DEV g\u00e9n\u00e9r\u00e9 \u2014 user_id=1 : 882306","ip":"::1","data":[],"hash":"71d1ab5373e1802a239c60e83f933f722328da458cf2dc3a92f1ca75229d574a"}
{"ts":"2026-04-18T12:16:26+02:00","type":"INFO","message":"OTP DEV EMAIL \u2014 dindoumahonore@gmail.com (DC-237-0001) : 882306","ip":"::1","data":[],"hash":"1ec437868076b325c3cc70a7cd6958ea0610e89fa141ed22e732227f11a0227a"}
{"ts":"2026-04-18T20:44:12+02:00","type":"INFO","message":"OTP DEV g\u00e9n\u00e9r\u00e9 \u2014 user_id=1 : 313584","ip":"::1","data":[],"hash":"194db5c99706198f6da14033b95ba41645477c4bcd9c7ea2c14f1db42d4d4c56"}
{"ts":"2026-04-18T20:44:12+02:00","type":"INFO","message":"OTP DEV EMAIL \u2014 dindoumahonore@gmail.com (DC-237-0001) : 313584","ip":"::1","data":[],"hash":"e38ca0f3a516a2ccb4ff7c5fdfcc6ec9b6295777999510278128c350074e660b"}
{"ts":"2026-04-19T14:42:55+02:00","type":"INFO","message":"OTP DEV g\u00e9n\u00e9r\u00e9 \u2014 user_id=1 : 742544","ip":"::1","data":[],"hash":"2fd44cd20b3cd82891458b93e939d428025ec6f530104d21e4b664baa2e8cc6f"}
{"ts":"2026-04-19T14:42:55+02:00","type":"INFO","message":"OTP DEV EMAIL \u2014 dindoumahonore@gmail.com (DC-237-0001) : 742544","ip":"::1","data":[],"hash":"399d6d0d571849041d36599e237b0afcd9cde82a75dc9e77f7821daf28d7326e"}
{"ts":"2026-04-19T14:43:01+02:00","type":"INFO","message":"OTP email envoy\u00e9 avec succ\u00e8s : dindoumahonore@gmail.com","ip":"::1","data":[],"hash":"9837c4fbd5a45c4203d3db95944a02d4167ee0285a3d2e042d1ae4692d611e0b"}
{"ts":"2026-04-19T14:43:01+02:00","type":"AUTH","message":"Identifiants OK \u2014 OTP requis : DC-237-0001","ip":"::1","data":[],"hash":"10b151d8e56258fe53e3b599b3d8409a05058c8f1d5365e7fc32ebc197d6b006"}
{"ts":"2026-04-19T14:43:28+02:00","type":"AUTH","message":"OTP valid\u00e9 \u2014 connexion \u00e9tablie : DC-237-0001","ip":"::1","data":[],"hash":"15e47992c46ffc61290df910b13c1d6560fbcd1d35ad2a13bdd8125c52cf024c"}
